
  EPA STORM WATER MANAGEMENT MODEL - VERSION 5.1 (Build 5.3.0.dev0)
  --------------------------------------------------------------

  WARNING 09: time series interval greater than recording interval for Rain Gage RG1
  WARNING 09: time series interval greater than recording interval for Rain Gage RG2
  WARNING 09: time series interval greater than recording interval for Rain Gage RG3
  WARNING 09: time series interval greater than recording interval for Rain Gage RG4
  
  *********************************************************
  NOTE: The summary statistics displayed in this report are
  based on results found at every computational time step,  
  not just on results from each reporting time step.
  *********************************************************
  
  ****************
  Analysis Options
  ****************
  Flow Units ............... CMS
  Process Models:
    Rainfall/Runoff ........ YES
    RDII ................... NO
    Snowmelt ............... NO
    Groundwater ............ NO
    Flow Routing ........... YES
    Ponding Allowed ........ YES
    Water Quality .......... NO
  Infiltration Method ...... HORTON
  Flow Routing Method ...... DYNWAVE
  Surcharge Method ......... EXTRAN
  Starting Date ............ 08/28/2015 00:00:00
  Ending Date .............. 08/28/2015 23:40:00
  Antecedent Dry Days ...... 0.0
  Report Time Step ......... 00:01:00
  Wet Time Step ............ 00:01:00
  Dry Time Step ............ 00:01:00
  Routing Time Step ........ 5.00 sec
  Variable Time Step ....... YES
  Maximum Trials ........... 8
  Number of Threads ........ 1
  Head Tolerance ........... 0.001500 m
  
  
  **************************        Volume         Depth
  Runoff Quantity Continuity     hectare-m            mm
  **************************     ---------       -------
  Total Precipitation ......         2.640        14.651
  Evaporation Loss .........         0.000         0.000
  Infiltration Loss ........         0.000         0.000
  Surface Runoff ...........         2.628        14.583
  Final Storage ............         0.017         0.097
  Continuity Error (%) .....        -0.200
  
  
  **************************        Volume        Volume
  Flow Routing Continuity        hectare-m      10^6 ltr
  **************************     ---------     ---------
  Dry Weather Inflow .......         0.758         7.576
  Wet Weather Inflow .......         2.628        26.280
  Groundwater Inflow .......         0.000         0.000
  RDII Inflow ..............         0.000         0.000
  External Inflow ..........         0.000         0.000
  External Outflow .........         1.235        12.351
  Flooding Loss ............         1.608        16.076
  Evaporation Loss .........         0.000         0.000
  Exfiltration Loss ........         0.000         0.000
  Initial Stored Volume ....         0.000         0.000
  Final Stored Volume ......         0.429         4.290
  Continuity Error (%) .....         3.359
  
  
  *************************
  Highest Continuity Errors
  *************************
  Node T5 (9.82%)
  Node T3 (9.76%)
  Node T1 (4.08%)
  
  
  ***************************
  Time-Step Critical Elements
  ***************************
  None
  
  
  ********************************
  Highest Flow Instability Indexes
  ********************************
  All links are stable.
  
  
  *************************
  Routing Time Step Summary
  *************************
  Minimum Time Step           :     4.59 sec
  Average Time Step           :     5.00 sec
  Maximum Time Step           :     5.00 sec
  Percent in Steady State     :     0.00
  Average Iterations per Step :     2.09
  Percent Not Converging      :     0.22
  
  
  ***************************
  Subcatchment Runoff Summary
  ***************************
  
  ------------------------------------------------------------------------------------------------------------------------------
                            Total      Total      Total      Total     Imperv       Perv      Total       Total     Peak  Runoff
                           Precip      Runon       Evap      Infil     Runoff     Runoff     Runoff      Runoff   Runoff   Coeff
  Subcatchment                 mm         mm         mm         mm         mm         mm         mm    10^6 ltr      CMS
  ------------------------------------------------------------------------------------------------------------------------------
  SC01                       8.34       0.00       0.00       0.00       8.29       0.00       8.29        2.73     0.88   0.993
  SC02                      17.46       0.00       0.00       0.00      17.43       0.00      17.43        3.97     1.56   0.998
  SC03                      14.75       0.00       0.00       0.00      14.77       0.00      14.77        2.66     1.71   1.001
  SC04                      17.46       0.00       0.00       0.00      17.35       0.00      17.35        1.20     0.35   0.993
  SC05                       8.34       0.00       0.00       0.00       8.28       0.00       8.28        1.29     0.41   0.993
  SC06                      21.74       0.00       0.00       0.00      21.59       0.00      21.59        7.03     2.35   0.993
  SC07                      17.46       0.00       0.00       0.00      17.35       0.00      17.35        0.82     0.24   0.994
  SC08                      14.75       0.00       0.00       0.00      14.70       0.00      14.70        4.11     2.01   0.996
  SC09                      21.74       0.00       0.00       0.00      21.67       0.00      21.67        1.50     0.63   0.997
  SC010                      8.34       0.00       0.00       0.00       8.27       0.00       8.27        0.97     0.29   0.991
  
  
  ******************
  Node Depth Summary
  ******************
  
  ---------------------------------------------------------------------------------
                                 Average  Maximum  Maximum  Time of Max    Reported
                                   Depth    Depth      HGL   Occurrence   Max Depth
  Node                 Type       Meters   Meters   Meters  days hr:min      Meters
  ---------------------------------------------------------------------------------
  J1                   JUNCTION     0.05     0.21    34.21     0  15:36        0.21
  J3                   JUNCTION     0.10     0.17    18.17     0  16:04        0.17
  CSO7                 JUNCTION     0.11     1.20    35.20     0  14:55        1.20
  J5                   JUNCTION     0.05     0.21    32.21     0  15:12        0.21
  CSO9                 JUNCTION     0.16     2.00    42.00     0  15:10        2.00
  J8                   JUNCTION     0.08     0.50    36.50     0  15:26        0.50
  CSO8                 JUNCTION     0.11     2.00    34.00     0  15:00        2.00
  J10                  JUNCTION     0.06     0.41    29.41     0  15:17        0.41
  J13                  JUNCTION     0.05     0.31    29.31     0  15:01        0.31
  J15                  JUNCTION     0.14     0.40    15.40     0  15:38        0.40
  J16                  JUNCTION     0.04     0.22    30.22     0  15:36        0.22
  CSO10                JUNCTION     0.08     1.00    31.00     0  15:16        1.00
  J12                  JUNCTION     0.32     1.05    27.05     0  15:55        1.05
  J4                   JUNCTION     0.11     1.44    34.44     0  14:57        0.75
  J6                   JUNCTION     0.06     0.12    25.12     0  16:03        0.12
  J2                   JUNCTION     0.05     0.08    25.08     0  16:29        0.08
  J19                  JUNCTION     0.12     0.17     8.17     0  15:08        0.17
  J9                   JUNCTION     0.09     0.16    29.16     0  16:45        0.16
  J14                  JUNCTION     0.11     0.19    20.19     0  18:50        0.19
  J17                  JUNCTION     0.07     0.15    20.15     0  15:58        0.15
  J7                   JUNCTION     0.06     0.23    39.23     0  16:14        0.23
  J11                  JUNCTION     0.05     0.30    31.30     0  15:42        0.30
  J18                  JUNCTION     0.03     0.16    29.16     0  15:44        0.16
  Out_to_WWTP          OUTFALL      0.11     0.17     6.17     0  23:21        0.17
  T5                   STORAGE      1.69     5.00    32.00     0  15:37        5.00
  T4                   STORAGE      1.03     5.00    32.00     0  15:31        5.00
  T6                   STORAGE      1.13     5.00    36.00     0  15:24        5.00
  T3                   STORAGE      1.87     5.00    27.00     0  15:47        5.00
  T2                   STORAGE      1.02     5.00    26.00     0  15:17        5.00
  T1                   STORAGE      2.20     5.00    15.00     0  15:07        5.00
  
  
  *******************
  Node Inflow Summary
  *******************
  
  -------------------------------------------------------------------------------------------------
                                  Maximum  Maximum                  Lateral       Total        Flow
                                  Lateral    Total  Time of Max      Inflow      Inflow     Balance
                                   Inflow   Inflow   Occurrence      Volume      Volume       Error
  Node                 Type           CMS      CMS  days hr:min    10^6 ltr    10^6 ltr     Percent
  -------------------------------------------------------------------------------------------------
  J1                   JUNCTION     0.423    0.423     0  15:36        2.38        2.38      -0.026
  J3                   JUNCTION     0.000    0.309     0  15:50           0        11.3       0.359
  CSO7                 JUNCTION     0.247    0.247     0  15:11        1.39        1.39       0.019
  J5                   JUNCTION     0.350    0.424     0  15:11        1.45        2.54      -0.029
  CSO9                 JUNCTION     0.631    0.631     0  15:26        1.88        1.88      -0.019
  J8                   JUNCTION     2.375    2.502     0  15:26        8.86          10      -0.013
  CSO8                 JUNCTION     2.016    2.016     0  15:16        4.56        4.56      -0.012
  J10                  JUNCTION     1.719    2.205     0  15:16        3.41        6.22      -0.167
  J13                  JUNCTION     1.576    1.576     0  15:01        4.88        4.88      -0.165
  J15                  JUNCTION     0.000    1.468     0  15:36           0          20       0.455
  J16                  JUNCTION     0.897    0.897     0  15:36        3.81        3.81      -0.068
  CSO10                JUNCTION     0.294    0.294     0  15:36        1.24        1.24      -0.034
  J12                  JUNCTION     0.000    1.983     0  15:17           0        11.5       0.205
  J4                   JUNCTION     0.000    0.081     0  14:55           0        1.09       0.042
  J6                   JUNCTION     0.000    0.080     0  15:31           0        2.23       0.088
  J2                   JUNCTION     0.000    0.039     0  15:37           0         1.6       0.277
  J19                  JUNCTION     0.000    0.271     0  15:07           0        12.4       0.101
  J9                   JUNCTION     0.000    0.175     0  15:24           0         5.2       0.048
  J14                  JUNCTION     0.000    0.190     0  15:47           0         7.5       0.127
  J17                  JUNCTION     0.000    0.140     0  15:17           0        3.74       0.142
  J7                   JUNCTION     0.000    0.127     0  16:14           0        1.18       0.070
  J11                  JUNCTION     0.000    0.487     0  15:42           0        2.82       0.073
  J18                  JUNCTION     0.000    0.202     0  15:44           0         1.2      -0.044
  Out_to_WWTP          OUTFALL      0.000    0.271     0  15:09           0        12.4       0.000
  T5                   STORAGE      0.000    0.394     0  15:36           0        2.39      10.892
  T4                   STORAGE      0.000    0.398     0  15:12           0        2.54       0.110
  T6                   STORAGE      0.000    2.348     0  15:26           0          10      -0.036
  T3                   STORAGE      0.000    1.778     0  15:23           0        11.5      10.817
  T2                   STORAGE      0.000    1.442     0  15:01           0        4.88       0.452
  T1                   STORAGE      0.000    1.378     0  15:38           0        19.9       4.257
  
  
  **********************
  Node Surcharge Summary
  **********************
  
  Surcharging occurs when water rises above the top of the highest conduit.
  ---------------------------------------------------------------------
                                               Max. Height   Min. Depth
                                   Hours       Above Crown    Below Rim
  Node                 Type      Surcharged         Meters       Meters
  ---------------------------------------------------------------------
  CSO7                 JUNCTION        1.13          0.945        0.000
  CSO9                 JUNCTION        1.23          1.682        0.000
  CSO8                 JUNCTION        0.81          1.547        0.000
  CSO10                JUNCTION        0.57          0.560        0.000
  J4                   JUNCTION        1.07          1.136        0.564
  
  
  *********************
  Node Flooding Summary
  *********************
  
  Flooding refers to all water that overflows a node, whether it ponds or not.
  --------------------------------------------------------------------------
                                                             Total   Maximum
                                 Maximum   Time of Max       Flood    Ponded
                        Hours       Rate    Occurrence      Volume     Depth
  Node                 Flooded       CMS   days hr:min    10^6 ltr    Meters
  --------------------------------------------------------------------------
  CSO7                    0.97     0.173      0  15:11       0.296     0.000
  CSO9                    1.06     0.504      0  15:26       0.693     0.000
  CSO8                    0.70     1.530      0  15:16       1.747     0.000
  CSO10                   0.40     0.091      0  15:36       0.046     0.000
  T5                      0.87     0.334      0  15:41       0.323     0.000
  T4                      0.74     0.275      0  15:32       0.289     0.000
  T6                      1.66     2.172      0  15:27       4.837     0.000
  T3                      1.62     0.960      0  15:47       0.700     0.000
  T2                      0.70     0.898      0  15:31       1.082     0.000
  T1                      7.90     1.107      0  15:38       6.064     0.000
  
  
  **********************
  Storage Volume Summary
  **********************
  
  --------------------------------------------------------------------------------------------------
                         Average     Avg  Evap Exfil       Maximum     Max    Time of Max    Maximum
                          Volume    Pcnt  Pcnt  Pcnt        Volume    Pcnt     Occurrence    Outflow
  Storage Unit           1000 m3    Full  Loss  Loss       1000 m3    Full    days hr:min        CMS
  --------------------------------------------------------------------------------------------------
  T5                       0.169      34     0     0         0.500     100       0  15:37      0.039
  T4                       0.103      21     0     0         0.500     100       0  15:31      0.080
  T6                       0.135      23     0     0         0.600     100       0  15:24      0.175
  T3                       0.973      37     0     0         2.600     100       0  15:47      0.537
  T2                       0.204      20     0     0         1.000     100       0  15:17      0.140
  T1                       0.308      44     0     0         0.700     100       0  15:07      0.271
  
  
  ***********************
  Outfall Loading Summary
  ***********************
  
  -----------------------------------------------------------
                         Flow       Avg       Max       Total
                         Freq      Flow      Flow      Volume
  Outfall Node           Pcnt       CMS       CMS    10^6 ltr
  -----------------------------------------------------------
  Out_to_WWTP           99.43     0.146     0.271      12.351
  -----------------------------------------------------------
  System                99.43     0.146     0.271      12.351
  
  
  ********************
  Link Flow Summary
  ********************
  
  -----------------------------------------------------------------------------
                                 Maximum  Time of Max   Maximum    Max/    Max/
                                  |Flow|   Occurrence   |Veloc|    Full    Full
  Link                 Type          CMS  days hr:min     m/sec    Flow   Depth
  -----------------------------------------------------------------------------
  C1                   CONDUIT     0.039     0  16:28      0.69    0.01    0.13
  C6                   CONDUIT     0.074     0  15:11      1.29    1.18    0.85
  C2                   CONDUIT     0.080     0  16:03      1.51    0.09    0.25
  C9                   CONDUIT     0.127     0  16:14      1.20    0.43    0.73
  C16                  CONDUIT     0.486     0  15:35      1.84    0.05    0.18
  C3                   CONDUIT     0.190     0  15:50      2.07    0.07    0.18
  C19                  CONDUIT     0.140     0  15:53      1.25    0.05    0.27
  C11                  CONDUIT     0.309     0  16:04      1.85    0.02    0.14
  C20                  CONDUIT     0.827     0  15:36      2.73    0.03    0.15
  C22                  CONDUIT     0.202     0  15:45      1.38    0.09    0.35
  C12                  CONDUIT     0.175     0  16:45      0.91    0.01    0.30
  C17                  CONDUIT     1.866     0  15:17      3.94    0.09    0.31
  C10                  CONDUIT     2.348     0  15:26      1.87    0.24    0.67
  C13                  CONDUIT     1.778     0  15:23      0.89    0.10    0.76
  C18                  CONDUIT     1.442     0  15:01      2.18    0.05    0.58
  C23                  CONDUIT     1.378     0  15:38      1.17    0.15    0.63
  C4                   CONDUIT     0.394     0  15:36      1.13    0.10    0.60
  C7                   CONDUIT     0.398     0  15:12      0.90    0.10    0.61
  C14                  CONDUIT     0.271     0  15:09      2.08    0.02    0.09
  C5                   CONDUIT     0.081     0  14:55      1.59    1.39    1.00
  C8                   CONDUIT     0.127     0  16:14      1.87    1.60    0.86
  C15                  CONDUIT     0.487     0  15:42      3.58    1.55    0.83
  C21                  CONDUIT     0.202     0  15:44      1.86    1.16    0.69
  V4                   ORIFICE     0.080     0  15:31                      1.00
  V5                   ORIFICE     0.039     0  15:37                      1.00
  V1                   ORIFICE     0.271     0  15:07                      1.00
  V6                   ORIFICE     0.175     0  15:24                      1.00
  V3                   ORIFICE     0.190     0  15:47                      1.00
  V2                   ORIFICE     0.140     0  15:17                      1.00
  
  
  ***************************
  Flow Classification Summary
  ***************************
  
  -------------------------------------------------------------------------------------
                      Adjusted    ---------- Fraction of Time in Flow Class ---------- 
                       /Actual         Up    Down  Sub   Sup   Up    Down  Norm  Inlet 
  Conduit               Length    Dry  Dry   Dry   Crit  Crit  Crit  Crit  Ltd   Ctrl  
  -------------------------------------------------------------------------------------
  C1                      1.00   0.00  0.00  0.00  0.93  0.07  0.00  0.00  0.97  0.00
  C6                      1.00   0.00  0.00  0.00  0.06  0.94  0.00  0.00  0.00  0.00
  C2                      1.00   0.00  0.00  0.00  0.21  0.79  0.00  0.00  0.97  0.00
  C9                      1.00   0.00  0.00  0.00  1.00  0.00  0.00  0.00  1.00  0.00
  C16                     1.00   0.00  0.25  0.00  0.60  0.15  0.00  0.00  0.57  0.00
  C3                      1.00   0.00  0.00  0.00  0.04  0.96  0.00  0.00  0.07  0.00
  C19                     1.00   0.00  0.00  0.00  0.84  0.16  0.00  0.00  1.00  0.00
  C11                     1.00   0.00  0.00  0.00  0.09  0.91  0.00  0.00  1.00  0.00
  C20                     1.00   0.00  0.00  0.00  0.90  0.10  0.00  0.00  0.99  0.00
  C22                     1.00   0.00  0.00  0.00  1.00  0.00  0.00  0.00  1.00  0.00
  C12                     1.00   0.00  0.00  0.00  0.46  0.53  0.00  0.00  0.91  0.00
  C17                     1.00   0.00  0.00  0.00  0.62  0.38  0.00  0.00  0.98  0.00
  C10                     1.00   0.00  0.00  0.00  0.77  0.23  0.00  0.00  0.97  0.00
  C13                     1.00   0.00  0.00  0.00  0.76  0.24  0.00  0.00  0.58  0.00
  C18                     1.00   0.00  0.00  0.00  0.59  0.41  0.00  0.00  0.98  0.00
  C23                     1.00   0.00  0.00  0.00  0.80  0.20  0.00  0.00  0.96  0.00
  C4                      1.00   0.00  0.00  0.00  0.82  0.18  0.00  0.00  0.98  0.00
  C7                      1.00   0.00  0.00  0.00  0.74  0.26  0.00  0.00  0.83  0.00
  C14                     1.00   0.00  0.00  0.00  0.00  1.00  0.00  0.00  0.26  0.00
  C5                      1.00   0.00  0.00  0.00  0.95  0.05  0.00  0.00  0.93  0.00
  C8                      1.00   0.00  0.00  0.00  0.27  0.73  0.00  0.00  0.00  0.00
  C15                     1.00   0.25  0.00  0.00  0.00  0.75  0.00  0.00  0.01  0.00
  C21                     1.00   0.00  0.00  0.00  0.00  1.00  0.00  0.00  0.00  0.00
  
  
  *************************
  Conduit Surcharge Summary
  *************************
  
  ----------------------------------------------------------------------------
                                                           Hours        Hours 
                         --------- Hours Full --------   Above Full   Capacity
  Conduit                Both Ends  Upstream  Dnstream   Normal Flow   Limited
  ----------------------------------------------------------------------------
  C6                          0.01      1.07      0.01      0.98         0.01
  C9                          0.01      0.01      0.01      0.01         0.01
  C10                         0.01      0.01      5.77      0.01         0.01
  C13                         0.01      0.01      8.53      0.01         0.01
  C18                         0.01      0.01      4.73      0.01         0.01
  C23                         0.01      0.01      9.66      0.01         0.01
  C4                          0.01      0.01     10.07      0.01         0.01
  C7                          0.01      0.01      7.14      0.01         0.01
  C5                          1.07      1.13      1.15      1.16         1.04
  C8                          0.01      1.23      0.01      1.24         0.01
  C15                         0.01      0.81      0.01      0.83         0.01
  C21                         0.01      0.57      0.01      0.54         0.01
  

  Analysis begun on:  Mon Sep 20 19:40:50 2021
  Analysis ended on:  Mon Sep 20 19:40:51 2021
  Total elapsed time: 00:00:01