
  EPA STORM WATER MANAGEMENT MODEL - VERSION 5.1 (Build 5.3.0.dev0)
  --------------------------------------------------------------

  WARNING 09: time series interval greater than recording interval for Rain Gage RG1
  WARNING 09: time series interval greater than recording interval for Rain Gage RG2
  WARNING 09: time series interval greater than recording interval for Rain Gage RG3
  WARNING 09: time series interval greater than recording interval for Rain Gage RG4
  
  *********************************************************
  NOTE: The summary statistics displayed in this report are
  based on results found at every computational time step,  
  not just on results from each reporting time step.
  *********************************************************
  
  ****************
  Analysis Options
  ****************
  Flow Units ............... CMS
  Process Models:
    Rainfall/Runoff ........ YES
    RDII ................... NO
    Snowmelt ............... NO
    Groundwater ............ NO
    Flow Routing ........... YES
    Ponding Allowed ........ YES
    Water Quality .......... NO
  Infiltration Method ...... HORTON
  Flow Routing Method ...... DYNWAVE
  Surcharge Method ......... EXTRAN
  Starting Date ............ 08/28/2015 00:00:00
  Ending Date .............. 08/28/2015 23:40:00
  Antecedent Dry Days ...... 0.0
  Report Time Step ......... 00:01:00
  Wet Time Step ............ 00:01:00
  Dry Time Step ............ 00:01:00
  Routing Time Step ........ 5.00 sec
  Variable Time Step ....... YES
  Maximum Trials ........... 8
  Number of Threads ........ 1
  Head Tolerance ........... 0.001500 m
  
  
  **************************        Volume         Depth
  Runoff Quantity Continuity     hectare-m            mm
  **************************     ---------       -------
  Total Precipitation ......         8.808        48.878
  Evaporation Loss .........         0.000         0.000
  Infiltration Loss ........         0.000         0.000
  Surface Runoff ...........         8.729        48.440
  Final Storage ............         0.088         0.489
  Continuity Error (%) .....        -0.105
  
  
  **************************        Volume        Volume
  Flow Routing Continuity        hectare-m      10^6 ltr
  **************************     ---------     ---------
  Dry Weather Inflow .......         0.758         7.576
  Wet Weather Inflow .......         8.728        87.283
  Groundwater Inflow .......         0.000         0.000
  RDII Inflow ..............         0.000         0.000
  External Inflow ..........         0.000         0.000
  External Outflow .........         2.071        20.710
  Flooding Loss ............         6.352        63.518
  Evaporation Loss .........         0.000         0.000
  Exfiltration Loss ........         0.000         0.000
  Initial Stored Volume ....         0.000         0.000
  Final Stored Volume ......         0.821         8.215
  Continuity Error (%) .....         2.546
  
  
  *************************
  Highest Continuity Errors
  *************************
  Node T2 (7.31%)
  Node T5 (5.27%)
  Node T4 (4.75%)
  Node T3 (3.65%)
  Node J12 (2.10%)
  
  
  ***************************
  Time-Step Critical Elements
  ***************************
  None
  
  
  ********************************
  Highest Flow Instability Indexes
  ********************************
  Link C15 (4)
  Link C20 (2)
  Link C18 (2)
  Link C5 (2)
  Link C21 (2)
  
  
  *************************
  Routing Time Step Summary
  *************************
  Minimum Time Step           :     0.27 sec
  Average Time Step           :     5.00 sec
  Maximum Time Step           :     5.00 sec
  Percent in Steady State     :     0.00
  Average Iterations per Step :     2.87
  Percent Not Converging      :     4.80
  
  
  ***************************
  Subcatchment Runoff Summary
  ***************************
  
  ------------------------------------------------------------------------------------------------------------------------------
                            Total      Total      Total      Total     Imperv       Perv      Total       Total     Peak  Runoff
                           Precip      Runon       Evap      Infil     Runoff     Runoff     Runoff      Runoff   Runoff   Coeff
  Subcatchment                 mm         mm         mm         mm         mm         mm         mm    10^6 ltr      CMS
  ------------------------------------------------------------------------------------------------------------------------------
  SC01                      42.64       0.00       0.00       0.00      42.39       0.00      42.39       13.99     1.57   0.994
  SC02                      47.57       0.00       0.00       0.00      47.04       0.00      47.04       10.70     1.28   0.989
  SC03                      57.01       0.00       0.00       0.00      56.82       0.00      56.82       10.23     0.70   0.997
  SC04                      47.57       0.00       0.00       0.00      46.48       0.00      46.48        3.21     0.24   0.977
  SC05                      42.64       0.00       0.00       0.00      42.36       0.00      42.36        6.61     0.69   0.993
  SC06                      50.08       0.00       0.00       0.00      49.58       0.00      49.58       16.14     1.14   0.990
  SC07                      47.57       0.00       0.00       0.00      46.48       0.00      46.48        2.21     0.16   0.977
  SC08                      57.01       0.00       0.00       0.00      56.44       0.00      56.44       15.80     0.71   0.990
  SC09                      50.08       0.00       0.00       0.00      49.80       0.00      49.80        3.44     0.33   0.994
  SC010                     42.64       0.00       0.00       0.00      42.30       0.00      42.30        4.97     0.44   0.992
  
  
  ******************
  Node Depth Summary
  ******************
  
  ---------------------------------------------------------------------------------
                                 Average  Maximum  Maximum  Time of Max    Reported
                                   Depth    Depth      HGL   Occurrence   Max Depth
  Node                 Type       Meters   Meters   Meters  days hr:min      Meters
  ---------------------------------------------------------------------------------
  J1                   JUNCTION     0.09     0.27    34.27     0  20:16        0.27
  J3                   JUNCTION     0.15     0.17    18.17     0  14:33        0.17
  CSO7                 JUNCTION     0.22     1.20    35.20     0  11:01        1.20
  J5                   JUNCTION     0.09     0.18    32.18     0  22:07        0.18
  CSO9                 JUNCTION     0.26     2.00    42.00     0  11:20        2.00
  J8                   JUNCTION     0.15     0.35    36.35     0  20:32        0.35
  CSO8                 JUNCTION     0.41     2.00    34.00     0  11:15        2.00
  J10                  JUNCTION     0.16     0.30    29.30     0  18:12        0.30
  J13                  JUNCTION     0.09     0.28    29.28     0  22:06        0.28
  J15                  JUNCTION     0.25     0.44    15.44     0  20:19        0.44
  J16                  JUNCTION     0.10     0.29    30.29     0  20:16        0.29
  CSO10                JUNCTION     0.20     1.00    31.00     0  10:56        1.00
  J12                  JUNCTION     0.69     1.06    27.06     0  18:09        1.06
  J4                   JUNCTION     0.20     1.59    34.59     0  11:05        0.91
  J6                   JUNCTION     0.10     0.12    25.12     0  11:47        0.12
  J2                   JUNCTION     0.07     0.08    25.08     0  10:03        0.08
  J19                  JUNCTION     0.16     0.17     8.17     0  07:04        0.17
  J9                   JUNCTION     0.14     0.16    29.16     0  10:47        0.16
  J14                  JUNCTION     0.17     0.19    20.19     0  09:24        0.19
  J17                  JUNCTION     0.12     0.15    20.15     0  12:51        0.15
  J7                   JUNCTION     0.12     0.23    39.23     0  20:45        0.23
  J11                  JUNCTION     0.17     0.30    31.30     0  13:57        0.30
  J18                  JUNCTION     0.08     0.16    29.16     0  11:24        0.16
  Out_to_WWTP          OUTFALL      0.16     0.17     6.17     0  07:03        0.17
  T5                   STORAGE      3.58     5.00    32.00     0  09:13        5.00
  T4                   STORAGE      2.87     5.00    32.00     0  11:16        5.00
  T6                   STORAGE      3.49     5.00    36.00     0  09:30        5.00
  T3                   STORAGE      3.85     5.00    27.00     0  09:24        5.00
  T2                   STORAGE      2.96     5.00    26.00     0  11:18        5.00
  T1                   STORAGE      4.29     5.00    15.00     0  07:03        5.00
  
  
  *******************
  Node Inflow Summary
  *******************
  
  -------------------------------------------------------------------------------------------------
                                  Maximum  Maximum                  Lateral       Total        Flow
                                  Lateral    Total  Time of Max      Inflow      Inflow     Balance
                                   Inflow   Inflow   Occurrence      Volume      Volume       Error
  Node                 Type           CMS      CMS  days hr:min    10^6 ltr    10^6 ltr     Percent
  -------------------------------------------------------------------------------------------------
  J1                   JUNCTION     0.706    0.706     0  20:16         7.7         7.7       0.003
  J3                   JUNCTION     0.000    0.309     0  11:23           0        20.9       0.247
  CSO7                 JUNCTION     0.165    0.165     0  22:06        2.77        2.77       0.024
  J5                   JUNCTION     0.236    0.308     0  22:06        3.45        6.16       0.077
  CSO9                 JUNCTION     0.335    0.335     0  20:31        3.82        3.82      -0.037
  J8                   JUNCTION     1.160    1.273     0  20:31          18        21.7       0.011
  CSO8                 JUNCTION     0.707    0.707     0  18:06        16.3        16.3      -0.013
  J10                  JUNCTION     0.708    1.064     0  18:11          11        27.1       0.046
  J13                  JUNCTION     1.284    1.284     0  22:06        11.6        11.6       0.010
  J15                  JUNCTION     0.000    2.030     0  20:16           0        49.4       0.291
  J16                  JUNCTION     1.582    1.582     0  20:16        15.1        15.1      -0.010
  CSO10                JUNCTION     0.440    0.440     0  20:16        5.24        5.24      -0.010
  J12                  JUNCTION     0.000    1.152     0  18:12           0        38.8       2.148
  J4                   JUNCTION     0.000    0.085     0  22:02           0        2.71       0.164
  J6                   JUNCTION     0.000    0.080     0  11:16           0        4.66       0.172
  J2                   JUNCTION     0.000    0.039     0  09:13           0        2.67       0.206
  J19                  JUNCTION     0.000    0.271     0  07:03           0        20.7       0.061
  J9                   JUNCTION     0.000    0.175     0  09:31           0        11.7       0.211
  J14                  JUNCTION     0.000    0.190     0  09:24           0        13.6       0.072
  J17                  JUNCTION     0.000    0.140     0  11:18           0        8.37       0.188
  J7                   JUNCTION     0.000    0.127     0  20:45           0        3.71       0.060
  J11                  JUNCTION     0.000    0.486     0  13:57           0        16.1       0.121
  J18                  JUNCTION     0.000    0.202     0  11:24           0        5.13       0.041
  Out_to_WWTP          OUTFALL      0.000    0.271     0  07:05           0        20.7       0.000
  T5                   STORAGE      0.000    0.639     0  20:16           0         7.7       5.562
  T4                   STORAGE      0.000    0.287     0  22:07           0        6.16       4.985
  T6                   STORAGE      0.000    1.179     0  20:32           0        21.7       2.079
  T3                   STORAGE      0.000    1.489     0  18:13           0        37.9       3.784
  T2                   STORAGE      0.000    1.172     0  22:06           0        11.6       7.891
  T1                   STORAGE      0.000    1.675     0  20:19           0        49.2       1.726
  
  
  **********************
  Node Surcharge Summary
  **********************
  
  Surcharging occurs when water rises above the top of the highest conduit.
  ---------------------------------------------------------------------
                                               Max. Height   Min. Depth
                                   Hours       Above Crown    Below Rim
  Node                 Type      Surcharged         Meters       Meters
  ---------------------------------------------------------------------
  CSO7                 JUNCTION        3.72          0.945        0.000
  CSO9                 JUNCTION        3.48          1.682        0.000
  CSO8                 JUNCTION        4.46          1.547        0.000
  CSO10                JUNCTION        0.94          0.560        0.000
  J4                   JUNCTION        3.39          1.290        0.410
  
  
  *********************
  Node Flooding Summary
  *********************
  
  Flooding refers to all water that overflows a node, whether it ponds or not.
  --------------------------------------------------------------------------
                                                             Total   Maximum
                                 Maximum   Time of Max       Flood    Ponded
                        Hours       Rate    Occurrence      Volume     Depth
  Node                 Flooded       CMS   days hr:min    10^6 ltr    Meters
  --------------------------------------------------------------------------
  CSO7                    1.05     0.092      0  22:06       0.061     0.000
  CSO9                    0.39     0.208      0  20:31       0.111     0.000
  CSO8                    0.83     0.233      0  18:06       0.155     0.000
  CSO10                   0.56     0.237      0  20:16       0.112     0.000
  T5                     11.56     0.600      0  20:16       4.219     0.000
  T4                      4.38     0.109      0  11:17       0.808     0.000
  T6                     10.96     1.004      0  20:32       9.200     0.000
  T3                     13.96     1.299      0  18:13      20.381     0.000
  T2                      3.77     0.278      0  11:18       1.503     0.000
  T1                     16.61     1.404      0  20:19      26.968     0.000
  
  
  **********************
  Storage Volume Summary
  **********************
  
  --------------------------------------------------------------------------------------------------
                         Average     Avg  Evap Exfil       Maximum     Max    Time of Max    Maximum
                          Volume    Pcnt  Pcnt  Pcnt        Volume    Pcnt     Occurrence    Outflow
  Storage Unit           1000 m3    Full  Loss  Loss       1000 m3    Full    days hr:min        CMS
  --------------------------------------------------------------------------------------------------
  T5                       0.358      72     0     0         0.500     100       0  09:13      0.039
  T4                       0.287      57     0     0         0.500     100       0  11:16      0.080
  T6                       0.419      70     0     0         0.600     100       0  09:30      0.175
  T3                       2.004      77     0     0         2.600     100       0  09:24      0.190
  T2                       0.592      59     0     0         1.000     100       0  11:18      0.140
  T1                       0.600      86     0     0         0.700     100       0  07:03      0.271
  
  
  ***********************
  Outfall Loading Summary
  ***********************
  
  -----------------------------------------------------------
                         Flow       Avg       Max       Total
                         Freq      Flow      Flow      Volume
  Outfall Node           Pcnt       CMS       CMS    10^6 ltr
  -----------------------------------------------------------
  Out_to_WWTP           99.43     0.244     0.271      20.710
  -----------------------------------------------------------
  System                99.43     0.244     0.271      20.710
  
  
  ********************
  Link Flow Summary
  ********************
  
  -----------------------------------------------------------------------------
                                 Maximum  Time of Max   Maximum    Max/    Max/
                                  |Flow|   Occurrence   |Veloc|    Full    Full
  Link                 Type          CMS  days hr:min     m/sec    Flow   Depth
  -----------------------------------------------------------------------------
  C1                   CONDUIT     0.039     0  10:01      0.72    0.01    0.13
  C6                   CONDUIT     0.072     0  22:07      1.29    1.15    0.80
  C2                   CONDUIT     0.080     0  11:47      1.48    0.09    0.25
  C9                   CONDUIT     0.127     0  20:45      1.25    0.43    0.58
  C16                  CONDUIT     0.484     0  18:13      1.77    0.05    0.15
  C3                   CONDUIT     0.190     0  22:11      2.04    0.07    0.18
  C19                  CONDUIT     0.140     0  11:52      1.33    0.05    0.29
  C11                  CONDUIT     0.309     0  14:33      1.83    0.02    0.15
  C20                  CONDUIT     1.417     0  20:16      4.04    0.04    0.17
  C22                  CONDUIT     0.202     0  11:24      1.35    0.09    0.37
  C12                  CONDUIT     0.175     0  10:47      1.15    0.01    0.31
  C17                  CONDUIT     0.977     0  18:12      2.14    0.05    0.34
  C10                  CONDUIT     1.179     0  20:32      1.27    0.12    0.62
  C13                  CONDUIT     1.489     0  18:13      1.85    0.09    0.77
  C18                  CONDUIT     1.172     0  22:06      1.37    0.04    0.57
  C23                  CONDUIT     1.675     0  20:19      1.45    0.19    0.65
  C4                   CONDUIT     0.639     0  20:16      1.22    0.15    0.63
  C7                   CONDUIT     0.287     0  22:07      1.11    0.07    0.59
  C14                  CONDUIT     0.271     0  07:05      2.08    0.02    0.09
  C5                   CONDUIT     0.085     0  22:02      1.67    1.46    1.00
  C8                   CONDUIT     0.127     0  20:45      1.92    1.60    0.86
  C15                  CONDUIT     0.486     0  13:57      3.66    1.55    0.83
  C21                  CONDUIT     0.202     0  11:24      1.92    1.16    0.69
  V4                   ORIFICE     0.080     0  11:16                      1.00
  V5                   ORIFICE     0.039     0  09:13                      1.00
  V1                   ORIFICE     0.271     0  07:03                      1.00
  V6                   ORIFICE     0.175     0  09:31                      1.00
  V3                   ORIFICE     0.190     0  09:24                      1.00
  V2                   ORIFICE     0.140     0  11:18                      1.00
  
  
  ***************************
  Flow Classification Summary
  ***************************
  
  -------------------------------------------------------------------------------------
                      Adjusted    ---------- Fraction of Time in Flow Class ---------- 
                       /Actual         Up    Down  Sub   Sup   Up    Down  Norm  Inlet 
  Conduit               Length    Dry  Dry   Dry   Crit  Crit  Crit  Crit  Ltd   Ctrl  
  -------------------------------------------------------------------------------------
  C1                      1.00   0.00  0.00  0.00  0.97  0.03  0.00  0.00  0.98  0.00
  C6                      1.00   0.00  0.00  0.00  0.19  0.81  0.00  0.00  0.00  0.00
  C2                      1.00   0.00  0.00  0.00  0.15  0.84  0.00  0.00  0.98  0.00
  C9                      1.00   0.00  0.00  0.00  1.00  0.00  0.00  0.00  1.00  0.00
  C16                     1.00   0.00  0.00  0.00  0.05  0.95  0.00  0.00  0.03  0.00
  C3                      1.00   0.00  0.00  0.00  0.01  0.98  0.00  0.00  0.01  0.00
  C19                     1.00   0.00  0.00  0.00  0.82  0.18  0.00  0.00  1.00  0.00
  C11                     1.00   0.00  0.00  0.00  0.14  0.86  0.00  0.00  1.00  0.00
  C20                     1.00   0.00  0.00  0.00  0.44  0.56  0.00  0.00  0.99  0.00
  C22                     1.00   0.00  0.00  0.00  1.00  0.00  0.00  0.00  1.00  0.00
  C12                     1.00   0.00  0.00  0.00  0.87  0.13  0.00  0.00  0.99  0.00
  C17                     1.00   0.00  0.00  0.00  0.69  0.31  0.00  0.00  0.98  0.00
  C10                     1.00   0.00  0.00  0.00  0.97  0.03  0.00  0.00  0.98  0.00
  C13                     1.00   0.00  0.00  0.00  0.96  0.04  0.00  0.00  0.32  0.00
  C18                     1.00   0.00  0.00  0.00  0.96  0.04  0.00  0.00  0.98  0.00
  C23                     1.00   0.00  0.00  0.00  0.96  0.04  0.00  0.00  0.97  0.00
  C4                      1.00   0.00  0.00  0.00  0.97  0.03  0.00  0.00  0.98  0.00
  C7                      1.00   0.00  0.00  0.00  0.95  0.05  0.00  0.00  0.97  0.00
  C14                     1.00   0.00  0.00  0.00  0.00  1.00  0.00  0.00  0.00  0.00
  C5                      1.00   0.00  0.00  0.00  0.85  0.15  0.00  0.00  0.81  0.00
  C8                      1.00   0.00  0.00  0.00  0.27  0.73  0.00  0.00  0.00  0.00
  C15                     1.00   0.00  0.00  0.00  0.00  1.00  0.00  0.00  0.00  0.00
  C21                     1.00   0.00  0.00  0.00  0.01  0.99  0.00  0.00  0.00  0.00
  
  
  *************************
  Conduit Surcharge Summary
  *************************
  
  ----------------------------------------------------------------------------
                                                           Hours        Hours 
                         --------- Hours Full --------   Above Full   Capacity
  Conduit                Both Ends  Upstream  Dnstream   Normal Flow   Limited
  ----------------------------------------------------------------------------
  C6                          0.01      3.38      0.01      2.18         0.01
  C10                         0.01      0.01     17.78      0.01         0.01
  C13                         0.01      0.01     19.86      0.01         0.01
  C18                         0.01      0.01     14.81      0.01         0.01
  C23                         0.01      0.01     21.95      0.01         0.01
  C4                          0.01      0.01     20.77      0.01         0.01
  C7                          0.01      0.01     15.99      0.01         0.01
  C5                          3.68      3.72      4.19      3.74         3.40
  C8                          0.01      3.49      0.01      3.57         0.01
  C15                         0.01      4.46      0.01      5.08         0.01
  C21                         0.01      0.94      0.01      0.85         0.01
  

  Analysis begun on:  Mon Sep 20 20:35:27 2021
  Analysis ended on:  Mon Sep 20 20:35:27 2021
  Total elapsed time: < 1 sec